anr_pe_sc_extra_time=12000
black_list=java/util/Time\;kotlin/String\;test\=bar
max_depth=52
anr_pe_delay=2000
min_duration=502
per_interval=59
priority=3
allow_early_capture=false
white_list=java/lang/Class\;kotlin/Boolean\;test\=foo\;about
pct_bg_enabled=1
pct_enabled=5
per_session=8
anr_pe_interval=200
interval=105
main_thread_only=false
monitor_thread_priority=10
timestamp=1499999999
