{
  "st": 150980980980,
  "lk": 150980984980,
  "en": 150980985980,
  "v": "ui",
  "se": {
    "ticks": [
      {
        "ts": 150980980980,
        "threads": [
          {
            "threadId": 13,
            "state": "RUNNABLE",
            "n": "my-thread",
            "p": 5,
            "tt": [
              "java.base/java.lang.Thread.getStackTrace(Thread.java:1602)",
              "io.embrace.android.embracesdk.ThreadInfoTest.testThreadInfoSerialization(ThreadInfoTest.kt:18)"
            ]
          }
        ],
        "o": 0,
        "c": 0
      }
    ]
  },
  "c": 1
}