{
  "v": "1.0",
  "f": 1,
  "bi": "1234",
  "bt": "release",
  "fl": "demo",
  "e": "prod",
  "vu": false,
  "vul": false,
  "bv": "5ac7fe",
  "ou": false,
  "oul": false,
  "sdk": "5.11.0",
  "sdc": "5.10.0",
  "rn": "fba09c9f",
  "jsp": "53",
  "rnv": "0.69.2",
  "unv": "2019",
  "ubg": "5092abc"
}
