{
  "id": "fake-session-id",
  "st": 123456789,
  "as": "foreground",
  "et": 987654321,
  "sn": 5,
  "ht": 123456780,
  "cs": true,
  "ss": [
    "fake-event-id"
  ],
  "il": [
    "fake-info-id"
  ],
  "wl": [
    "fake-warn-id"
  ],
  "el": [
    "fake-err-id"
  ],
  "ri": "fake-crash-id",
  "em": "bs",
  "sm": "bs"
}