{
  "id": "123",
  "ex": [
    {
      "tt": [
        "stacktrace.line"
      ],
      "n": "java.lang.RuntimeException",
      "m": "ExceptionMessage"
    }
  ],
  "rep_js": [
    "js_exception"
  ],
  "th": [
    {
      "threadId": 123,
      "state": "RUNNABLE",
      "n": "ReferenceHandler",
      "p": 1,
      "tt": [
        "stacktrace.line.thread"
      ]
    }
  ]
}