{
  "et": {
     "pr": {
        "Float": 1,
        "String": "TestString"
      },
      "sp": {},
      "n": "test",
      "li": "messageId",
      "id": "eventId",
      "si": "sessionId",
      "t": "warning",
      "ts": 1111,
      "sc": false,
      "st": "foreground",
      "et": "none"
  },
  "u": {
    "per": [
      "first_day"
    ]
  },
  "v": 13
}