{
  "n": "test",
  "st": 1600000000,
  "en": 1600001000
}