{
  "n": "java.lang.IllegalStateException",
  "m": "Whoops!",
  "t": "JsError",
  "st": "foo(:20:21)"
}
