{
  "symbols": {
    "armeabi-v7a": {
      "libfoo-armeabi-v7a.so": "0x1234",
      "libbar-armeabi-v7a.so": "0x5678"
    },
    "x86": {
      "libfoo-x86.so": "0x1234",
      "libbar-x86.so": "0x5678"
    }
  }
}