{
  "a": {
    "v": "1.0"
  },
  "d": {
    "dm": "samsung"
  },
  "u": {
    "id": "123"
  },
  "sp": {
    "key": "value"
  }
}