{
  "report_id": "report_id",
  "sid": "sid",
  "ts": 1610000000000,
  "state": "app_state",
  "meta": {
    "a": {},
    "d": {},
    "u": {},
    "sp": {}
  },
  "ue": 2,
  "crash": "crash",
  "symbols": {
    "key": "value"
  },
  "errors": [
    {
      "n": 5,
      "c": 2
    }
  ],
  "map": "map"
}