{
  "ti": "title",
  "bd": "body",
  "tp": "from",
  "id": "id",
  "pt": 1,
  "te": "type",
  "ts": 1600000000
}