{
  "n": "my_action",
  "st": 1600000000,
  "en": 1600000100,
  "p": {
    "key": "value"
  },
  "pz": 104,
  "o": "test"
}