{
  "et": 987654321,
  "ht": 123456780,
  "tt": 16090292309
}