{
  "tl": "0,0",
  "tt": "tappedElementName",
  "ts": 1600000000,
  "t": "s"
}