{
  "id": "123",
  "em": "fake@example.com",
  "un": "joebloggs",
  "per": [
    "first_day"
  ]
}
