{
  "vn": "screen",
  "st": 1600000000,
  "en": 1700000000
}